tpecar:~/workspace (master) $ git checkout -b 'dinamika'
Switched to a new branch 'dinamika'
tpecar:~/workspace (dinamika) $ git status
On branch dinamika
Changes not staged for commit:
  (use "git add <file>..." to update what will be committed)
  (use "git checkout -- <file>..." to discard changes in working directory)

        modified:   stroboskop.html

Untracked files:
  (use "git add <file>..." to include in what will be committed)

        oddaja/205korak/

no changes added to commit (use "git add" and/or "git commit -a")
tpecar:~/workspace (dinamika) $ git add *
tpecar:~/workspace (dinamika) $ git commit -m 'Dodajanje izbiranja barv'
[dinamika 0e9ba09] Dodajanje izbiranja barv
 3 files changed, 62 insertions(+)
 create mode 100644 oddaja/205korak/git_ukazi.txt
 create mode 100644 oddaja/205korak/github_repozitorij.txt
tpecar:~/workspace (dinamika) $ git push origin dinamika
Warning: Permanently added 'github.com,192.30.252.130' (RSA) to the list of known hosts.
Counting objects: 7, done.
Delta compression using up to 8 threads.
Compressing objects: 100% (7/7), done.
Writing objects: 100% (7/7), 1.36 KiB | 0 bytes/s, done.
Total 7 (delta 3), reused 0 (delta 0)
To git@github.com:tpecar/stroboskop.git
 * [new branch]      dinamika -> dinamika