tpecar:~/workspace (dinamika) $ git status
On branch dinamika
Changes not staged for commit:
  (use "git add <file>..." to update what will be committed)
  (use "git checkout -- <file>..." to discard changes in working directory)

        modified:   skripta.js

Untracked files:
  (use "git add <file>..." to include in what will be committed)

        oddaja/303korak/

no changes added to commit (use "git add" and/or "git commit -a")
tpecar:~/workspace (dinamika) $ git add *
tpecar:~/workspace (dinamika) $ git commit -m 'Dinamika gumba za zagon stroboskopa'
[dinamika 66afa1d] Dinamika gumba za zagon stroboskopa
 3 files changed, 27 insertions(+), 2 deletions(-)
 create mode 100644 oddaja/303korak/git_ukazi.txt
 create mode 100644 oddaja/303korak/github_repozitorij.txt
tpecar:~/workspace (dinamika) $ git push origin dinamika
Warning: Permanently added 'github.com,192.30.252.130' (RSA) to the list of known hosts.
Counting objects: 7, done.
Delta compression using up to 8 threads.
Compressing objects: 100% (7/7), done.
Writing objects: 100% (7/7), 1.15 KiB | 0 bytes/s, done.
Total 7 (delta 3), reused 0 (delta 0)
To git@github.com:tpecar/stroboskop.git
   1899765..66afa1d  dinamika -> dinamika